// Jest Snapshot v1, https://jestjs.io/docs/snapshot-testing

exports[`LevelGenerator should generate a chunk that matches the snapshot 1`] = `
"................................
................................
................................
................................
................................
................................
................................
................................
................................
................................
................................
................................
................................
................................
................................
................................
................................
................................
................................
................................
...........##############.......
...........################.....
...........################.....
...........################.....
...........################.....
...........################.....
...........################.....
...........################.....
...........################.....
...........################.....
...........################.....
...........################.....
"
`;
